// Jest Snapshot v1, https://goo.gl/fbAQLP

exports[`add new item component shows item form 1`] = `"<form><h1> Add new Item to The Menu </h1><div class="form-input"><label><strong>Dish Name</strong> <input value=""></label></div><div class="form-input"><label><strong>Ingredients</strong> <input value="">Separate the ingredients by spaces</label></div><div class="form-input"><label><strong>Price</strong> <input value=""></label></div><div class="form-input"><label><strong>Category</strong> <input value=""></label></div><div><button>Submit</button></div></form>"`;
