// Jest Snapshot v1, https://goo.gl/fbAQLP

exports[`front page component shows front page 1`] = `"<div><h1>The API and Web-design Restaurant</h1><ul><li><a href="/menu">View Menu</a></li><li><a href="/menu/add">Add an Item to The Menu</a></li></ul></div>"`;
