// Jest Snapshot v1, https://goo.gl/fbAQLP

exports[`Menu component shows loading screen 1`] = `"<div>Loading...</div>"`;

exports[`Menu component shows menu 1`] = `"<div><h1> The Grand Menu </h1><div><form><label>Category:<input id="category-query" value=""></label><br><label>Price:<input id="category-query" value=""></label><br><button>Filter</button></form></div><h3>item 1</h3><div>Ingredients: egg, </div><div>Price: </div><div>Category: </div><h3>item 2</h3><div>Ingredients: bread, </div><div>Price: </div><div>Category: </div></div>"`;
